 1064.000  6.412084e+02  2.221136e+00  4.152471e-06  5.102575e+01  5.439398e-01  2.472698e-06 
