  550.000  1.714935e+03 -8.262188e-04  1.370264e+02  1.575822e+02 -7.090485e-05  2.669061e+01 
                                  0.000            30.000            60.000            90.000 
 0.1000  8.880545044e+01   9.554124451e+01   9.421205139e+01   8.944692230e+01   8.754174042e+01 
 0.5000  4.907990265e+01   4.514455414e+01   4.540866852e+01   4.544798279e+01   4.648224640e+01 
 1.0000  3.332580948e+01   3.312506866e+01   3.312506866e+01   3.312506866e+01   3.312506866e+01 
