  544.700  0.000000e+00  4.278159e+01  8.556376e+00  0.000000e+00  5.998086e+00  1.361790e+00 
