  544.700  2.639512e+02  5.859536e+02  1.699810e+02  2.476994e+01  8.444264e+01  2.705332e+01  8.000000e-01 
