  544.700  1.583709e+02  6.856409e+02  1.688023e+02  1.487036e+01  9.755000e+01  2.686572e+01  8.800000e-01 
