  350.000  0.000000e+00  1.783581e+01  1.812040e-04  0.000000e+00  2.439081e+00  9.146063e-05 
                                  0.000            30.000            60.000            90.000 
-1.0000  7.224683285e+00   7.224683285e+00   7.224683285e+00   7.224683285e+00   7.224683285e+00 
-0.5000  4.907487392e+00   4.907487392e+00   4.907487392e+00   4.907487392e+00   4.907487392e+00 
-0.1000  2.939564705e+00   2.939564705e+00   2.939564705e+00   2.939564705e+00   2.939564705e+00 
