  544.700  0.000000e+00  3.260564e+01  6.521177e+00  0.000000e+00  4.578210e+00  1.037878e+00 
