  544.700  2.618910e-03  8.371176e+02  1.674241e+02  5.468838e-02  1.174166e+02  2.664637e+01  9.328000e-01 
